// Jest Snapshot v1, https://goo.gl/fbAQLP

exports[`LinkItem Should show correct vote-number 1`] = `ReactWrapper {}`;
